<frozen importlib._bootstrap>:241: RuntimeWarning: Your system is avx2 capable but pygame was not built with support for it. The performance of some of your blits could be adversely affected. Consider enabling compile time detection with environment variables like PYGAME_DETECT_AVX2=1 if you are compiling without cross compilation.
/home/ksr/miniconda3/envs/swarm_rl_v2/lib/python3.10/site-packages/pygame/pkgdata.py:25: UserWarning: pkg_resources is deprecated as an API. See https://setuptools.pypa.io/en/latest/pkg_resources.html. The pkg_resources package is slated for removal as early as 2025-11-30. Refrain from using this package or pin to Setuptools<81.
  from pkg_resources import resource_stream, resource_exists
==================================================
🤖 K-FOLD VALIDATION (FOLD 2 TO 2)
   Model: ./models/apex_ultra_congestion_final.zip
   Episodes per fold: 100
==================================================


--- FOLD 2/10 ---
>> Running Random Spread Fold (Seed: 2000)...

============================================================
  TEST: Fold 2 - Random
  Episodes: 100
  Base Seed: 2000
============================================================
  Progress: 10/100 | Drone successes: 100 | Collisions: 0 | Timeouts: 0
  Progress: 20/100 | Drone successes: 198 | Collisions: 1 | Timeouts: 1
  Progress: 30/100 | Drone successes: 293 | Collisions: 4 | Timeouts: 3
  Progress: 40/100 | Drone successes: 393 | Collisions: 4 | Timeouts: 3
  Progress: 50/100 | Drone successes: 493 | Collisions: 4 | Timeouts: 3
  Progress: 60/100 | Drone successes: 589 | Collisions: 8 | Timeouts: 3
  Progress: 70/100 | Drone successes: 682 | Collisions: 8 | Timeouts: 10
  Progress: 80/100 | Drone successes: 780 | Collisions: 10 | Timeouts: 10
  Progress: 90/100 | Drone successes: 877 | Collisions: 12 | Timeouts: 11
  Progress: 100/100 | Drone successes: 972 | Collisions: 12 | Timeouts: 16

📊 RESULTS: Fold 2 - Random
   Success Rate (per drone):   97.2% (972/1000)
   Collision Rate (per drone): 1.2% (12/1000)
   Timeout Rate (per drone):   1.6% (16/1000)
   Episode Success (all 10 drones): 88.0% (88/100)
   Episode Success (>=1 drone):  100.0% (100/100)
   Avg Episode Time: 1.13s

>> Running Dense Cluster Fold (Seed: 2000)...

============================================================
  TEST: Fold 2 - Clustered
  Episodes: 100
  Base Seed: 2000
============================================================
  Progress: 10/100 | Drone successes: 73 | Collisions: 25 | Timeouts: 2
  Progress: 20/100 | Drone successes: 150 | Collisions: 48 | Timeouts: 2
  Progress: 30/100 | Drone successes: 233 | Collisions: 65 | Timeouts: 2
  Progress: 40/100 | Drone successes: 303 | Collisions: 91 | Timeouts: 6
  Progress: 50/100 | Drone successes: 380 | Collisions: 113 | Timeouts: 7
  Progress: 60/100 | Drone successes: 461 | Collisions: 132 | Timeouts: 7
  Progress: 70/100 | Drone successes: 536 | Collisions: 155 | Timeouts: 9
  Progress: 80/100 | Drone successes: 625 | Collisions: 165 | Timeouts: 10
  Progress: 90/100 | Drone successes: 698 | Collisions: 187 | Timeouts: 15
  Progress: 100/100 | Drone successes: 769 | Collisions: 216 | Timeouts: 15

📊 RESULTS: Fold 2 - Clustered
   Success Rate (per drone):   76.9% (769/1000)
   Collision Rate (per drone): 21.6% (216/1000)
   Timeout Rate (per drone):   1.5% (15/1000)
   Episode Success (all 10 drones): 46.0% (46/100)
   Episode Success (>=1 drone):  100.0% (100/100)
   Avg Episode Time: 0.94s
Fold 2 Results: Random= 97.20%, Clustered= 76.90%

✅ Fold 2 complete.
